Archive member included to satisfy reference by file (symbol)

/usr/share/gcc-arm-none-eabi-10.3-2021.10/bin/../lib/gcc/arm-none-eabi/10.3.1/../../../../arm-none-eabi/lib/thumb/v7-m/nofp/libc_nano.a(lib_a-errno.o)
                              Core/Src/syscalls.o (__errno)
/usr/share/gcc-arm-none-eabi-10.3-2021.10/bin/../lib/gcc/arm-none-eabi/10.3.1/../../../../arm-none-eabi/lib/thumb/v7-m/nofp/libc_nano.a(lib_a-exit.o)
                              /usr/share/gcc-arm-none-eabi-10.3-2021.10/bin/../lib/gcc/arm-none-eabi/10.3.1/../../../../arm-none-eabi/lib/thumb/v7-m/nofp/crt0.o (exit)
/usr/share/gcc-arm-none-eabi-10.3-2021.10/bin/../lib/gcc/arm-none-eabi/10.3.1/../../../../arm-none-eabi/lib/thumb/v7-m/nofp/libc_nano.a(lib_a-impure.o)
                              /usr/share/gcc-arm-none-eabi-10.3-2021.10/bin/../lib/gcc/arm-none-eabi/10.3.1/../../../../arm-none-eabi/lib/thumb/v7-m/nofp/libc_nano.a(lib_a-exit.o) (_global_impure_ptr)
/usr/share/gcc-arm-none-eabi-10.3-2021.10/bin/../lib/gcc/arm-none-eabi/10.3.1/../../../../arm-none-eabi/lib/thumb/v7-m/nofp/libc_nano.a(lib_a-init.o)
                              /usr/share/gcc-arm-none-eabi-10.3-2021.10/bin/../lib/gcc/arm-none-eabi/10.3.1/../../../../arm-none-eabi/lib/thumb/v7-m/nofp/crt0.o (__libc_init_array)
/usr/share/gcc-arm-none-eabi-10.3-2021.10/bin/../lib/gcc/arm-none-eabi/10.3.1/../../../../arm-none-eabi/lib/thumb/v7-m/nofp/libc_nano.a(lib_a-memset.o)
                              /usr/share/gcc-arm-none-eabi-10.3-2021.10/bin/../lib/gcc/arm-none-eabi/10.3.1/../../../../arm-none-eabi/lib/thumb/v7-m/nofp/crt0.o (memset)
/usr/share/gcc-arm-none-eabi-10.3-2021.10/bin/../lib/gcc/arm-none-eabi/10.3.1/../../../../arm-none-eabi/lib/thumb/v7-m/nofp/libc_nano.a(lib_a-sprintf.o)
                              Core/Src/usart.o (sprintf)
/usr/share/gcc-arm-none-eabi-10.3-2021.10/bin/../lib/gcc/arm-none-eabi/10.3.1/../../../../arm-none-eabi/lib/thumb/v7-m/nofp/libc_nano.a(lib_a-strlen.o)
                              Core/Src/usart.o (strlen)
/usr/share/gcc-arm-none-eabi-10.3-2021.10/bin/../lib/gcc/arm-none-eabi/10.3.1/../../../../arm-none-eabi/lib/thumb/v7-m/nofp/libc_nano.a(lib_a-nano-svfprintf.o)
                              /usr/share/gcc-arm-none-eabi-10.3-2021.10/bin/../lib/gcc/arm-none-eabi/10.3.1/../../../../arm-none-eabi/lib/thumb/v7-m/nofp/libc_nano.a(lib_a-sprintf.o) (_svfprintf_r)
/usr/share/gcc-arm-none-eabi-10.3-2021.10/bin/../lib/gcc/arm-none-eabi/10.3.1/../../../../arm-none-eabi/lib/thumb/v7-m/nofp/libc_nano.a(lib_a-nano-vfprintf_i.o)
                              /usr/share/gcc-arm-none-eabi-10.3-2021.10/bin/../lib/gcc/arm-none-eabi/10.3.1/../../../../arm-none-eabi/lib/thumb/v7-m/nofp/libc_nano.a(lib_a-nano-svfprintf.o) (_printf_i)
/usr/share/gcc-arm-none-eabi-10.3-2021.10/bin/../lib/gcc/arm-none-eabi/10.3.1/../../../../arm-none-eabi/lib/thumb/v7-m/nofp/libc_nano.a(lib_a-memchr-stub.o)
                              /usr/share/gcc-arm-none-eabi-10.3-2021.10/bin/../lib/gcc/arm-none-eabi/10.3.1/../../../../arm-none-eabi/lib/thumb/v7-m/nofp/libc_nano.a(lib_a-nano-svfprintf.o) (memchr)
/usr/share/gcc-arm-none-eabi-10.3-2021.10/bin/../lib/gcc/arm-none-eabi/10.3.1/../../../../arm-none-eabi/lib/thumb/v7-m/nofp/libc_nano.a(lib_a-memcpy-stub.o)
                              /usr/share/gcc-arm-none-eabi-10.3-2021.10/bin/../lib/gcc/arm-none-eabi/10.3.1/../../../../arm-none-eabi/lib/thumb/v7-m/nofp/libc_nano.a(lib_a-nano-svfprintf.o) (memcpy)
/usr/share/gcc-arm-none-eabi-10.3-2021.10/bin/../lib/gcc/arm-none-eabi/10.3.1/../../../../arm-none-eabi/lib/thumb/v7-m/nofp/libc_nano.a(lib_a-memmove.o)
                              /usr/share/gcc-arm-none-eabi-10.3-2021.10/bin/../lib/gcc/arm-none-eabi/10.3.1/../../../../arm-none-eabi/lib/thumb/v7-m/nofp/libc_nano.a(lib_a-nano-svfprintf.o) (memmove)
/usr/share/gcc-arm-none-eabi-10.3-2021.10/bin/../lib/gcc/arm-none-eabi/10.3.1/../../../../arm-none-eabi/lib/thumb/v7-m/nofp/libc_nano.a(lib_a-nano-freer.o)
                              /usr/share/gcc-arm-none-eabi-10.3-2021.10/bin/../lib/gcc/arm-none-eabi/10.3.1/../../../../arm-none-eabi/lib/thumb/v7-m/nofp/libc_nano.a(lib_a-nano-svfprintf.o) (_free_r)
/usr/share/gcc-arm-none-eabi-10.3-2021.10/bin/../lib/gcc/arm-none-eabi/10.3.1/../../../../arm-none-eabi/lib/thumb/v7-m/nofp/libc_nano.a(lib_a-nano-mallocr.o)
                              /usr/share/gcc-arm-none-eabi-10.3-2021.10/bin/../lib/gcc/arm-none-eabi/10.3.1/../../../../arm-none-eabi/lib/thumb/v7-m/nofp/libc_nano.a(lib_a-nano-svfprintf.o) (_malloc_r)
/usr/share/gcc-arm-none-eabi-10.3-2021.10/bin/../lib/gcc/arm-none-eabi/10.3.1/../../../../arm-none-eabi/lib/thumb/v7-m/nofp/libc_nano.a(lib_a-nano-reallocr.o)
                              /usr/share/gcc-arm-none-eabi-10.3-2021.10/bin/../lib/gcc/arm-none-eabi/10.3.1/../../../../arm-none-eabi/lib/thumb/v7-m/nofp/libc_nano.a(lib_a-nano-svfprintf.o) (_realloc_r)
[...]
Memory Configuration

Name             Origin             Length             Attributes
RAM              0x0000000020000000 0x0000000000005000 xrw
FLASH            0x0000000008000000 0x0000000000010000 xr
*default*        0x0000000000000000 0xffffffffffffffff

Linker script and memory map

LOAD /usr/share/gcc-arm-none-eabi-10.3-2021.10/bin/../lib/gcc/arm-none-eabi/10.3.1/thumb/v7-m/nofp/crti.o
LOAD /usr/share/gcc-arm-none-eabi-10.3-2021.10/bin/../lib/gcc/arm-none-eabi/10.3.1/thumb/v7-m/nofp/crtbegin.o
LOAD /usr/share/gcc-arm-none-eabi-10.3-2021.10/bin/../lib/gcc/arm-none-eabi/10.3.1/../../../../arm-none-eabi/lib/thumb/v7-m/nofp/crt0.o
LOAD Core/Src/can.o
LOAD Core/Src/dma.o
LOAD Core/Src/gpio.o
LOAD Core/Src/main.o
LOAD Core/Src/math_ops.o
LOAD Core/Src/mini_cheetah_can_protocol.o
LOAD Core/Src/stm32f1xx_hal_msp.o
LOAD Core/Src/stm32f1xx_it.o
LOAD Core/Src/syscalls.o
LOAD Core/Src/sysmem.o
LOAD Core/Src/system_stm32f1xx.o
LOAD Core/Src/usart.o
LOAD Core/Startup/startup_stm32f103c8tx.o
LOAD Drivers/STM32F1xx_HAL_Driver/Src/stm32f1xx_hal.o
LOAD Drivers/STM32F1xx_HAL_Driver/Src/stm32f1xx_hal_can.o
LOAD Drivers/STM32F1xx_HAL_Driver/Src/stm32f1xx_hal_cortex.o
LOAD Drivers/STM32F1xx_HAL_Driver/Src/stm32f1xx_hal_dma.o
LOAD Drivers/STM32F1xx_HAL_Driver/Src/stm32f1xx_hal_exti.o
LOAD Drivers/STM32F1xx_HAL_Driver/Src/stm32f1xx_hal_flash.o
LOAD Drivers/STM32F1xx_HAL_Driver/Src/stm32f1xx_hal_flash_ex.o
LOAD Drivers/STM32F1xx_HAL_Driver/Src/stm32f1xx_hal_gpio.o
LOAD Drivers/STM32F1xx_HAL_Driver/Src/stm32f1xx_hal_gpio_ex.o
LOAD Drivers/STM32F1xx_HAL_Driver/Src/stm32f1xx_hal_pwr.o
LOAD Drivers/STM32F1xx_HAL_Driver/Src/stm32f1xx_hal_rcc.o
LOAD Drivers/STM32F1xx_HAL_Driver/Src/stm32f1xx_hal_rcc_ex.o
LOAD Drivers/STM32F1xx_HAL_Driver/Src/stm32f1xx_hal_tim.o
LOAD Drivers/STM32F1xx_HAL_Driver/Src/stm32f1xx_hal_tim_ex.o
LOAD Drivers/STM32F1xx_HAL_Driver/Src/stm32f1xx_hal_uart.o
START GROUP
LOAD /usr/share/gcc-arm-none-eabi-10.3-2021.10/bin/../lib/gcc/arm-none-eabi/10.3.1/../../../../arm-none-eabi/lib/thumb/v7-m/nofp/libc_nano.a
LOAD /usr/share/gcc-arm-none-eabi-10.3-2021.10/bin/../lib/gcc/arm-none-eabi/10.3.1/../../../../arm-none-eabi/lib/thumb/v7-m/nofp/libm.a
END GROUP
START GROUP
LOAD /usr/share/gcc-arm-none-eabi-10.3-2021.10/bin/../lib/gcc/arm-none-eabi/10.3.1/thumb/v7-m/nofp/libgcc.a
LOAD /usr/share/gcc-arm-none-eabi-10.3-2021.10/bin/../lib/gcc/arm-none-eabi/10.3.1/../../../../arm-none-eabi/lib/thumb/v7-m/nofp/libc_nano.a
END GROUP
START GROUP
LOAD /usr/share/gcc-arm-none-eabi-10.3-2021.10/bin/../lib/gcc/arm-none-eabi/10.3.1/thumb/v7-m/nofp/libgcc.a
LOAD /usr/share/gcc-arm-none-eabi-10.3-2021.10/bin/../lib/gcc/arm-none-eabi/10.3.1/../../../../arm-none-eabi/lib/thumb/v7-m/nofp/libc_nano.a
LOAD /usr/share/gcc-arm-none-eabi-10.3-2021.10/bin/../lib/gcc/arm-none-eabi/10.3.1/../../../../arm-none-eabi/lib/thumb/v7-m/nofp/libnosys.a
END GROUP
START GROUP
LOAD /usr/share/gcc-arm-none-eabi-10.3-2021.10/bin/../lib/gcc/arm-none-eabi/10.3.1/thumb/v7-m/nofp/libgcc.a
LOAD /usr/share/gcc-arm-none-eabi-10.3-2021.10/bin/../lib/gcc/arm-none-eabi/10.3.1/../../../../arm-none-eabi/lib/thumb/v7-m/nofp/libc_nano.a
LOAD /usr/share/gcc-arm-none-eabi-10.3-2021.10/bin/../lib/gcc/arm-none-eabi/10.3.1/../../../../arm-none-eabi/lib/thumb/v7-m/nofp/libnosys.a
END GROUP
LOAD /usr/share/gcc-arm-none-eabi-10.3-2021.10/bin/../lib/gcc/arm-none-eabi/10.3.1/thumb/v7-m/nofp/crtend.o
LOAD /usr/share/gcc-arm-none-eabi-10.3-2021.10/bin/../lib/gcc/arm-none-eabi/10.3.1/thumb/v7-m/nofp/crtn.o
                0x0000000020005000                _estack = (ORIGIN (RAM) + LENGTH (RAM))
                0x0000000000000200                _Min_Heap_Size = 0x200
                0x0000000000000400                _Min_Stack_Size = 0x400

.isr_vector     0x0000000008000000      0x10c
                0x0000000008000000                . = ALIGN (0x4)
 *(.isr_vector)
 .isr_vector    0x0000000008000000      0x10c Core/Startup/startup_stm32f103c8tx.o
                0x0000000008000000                g_pfnVectors
                0x000000000800010c                . = ALIGN (0x4)

.text           0x000000000800010c     0x2fcc
                0x000000000800010c                . = ALIGN (0x4)
 *(.text)
 .text          0x000000000800010c       0x40 /usr/share/gcc-arm-none-eabi-10.3-2021.10/bin/../lib/gcc/arm-none-eabi/10.3.1/thumb/v7-m/nofp/crtbegin.o
 *(.text*)
 .text.MX_CAN_Init
                0x000000000800014c       0x6c Core/Src/can.o
                0x000000000800014c                MX_CAN_Init
 .text.HAL_CAN_MspInit
                0x00000000080001b8       0xa8 Core/Src/can.o
                0x00000000080001b8                HAL_CAN_MspInit
 .text.can_rx_init
                0x0000000008000260       0x48 Core/Src/can.o
                0x0000000008000260                can_rx_init
 .text.can_tx_init
                0x00000000080002a8       0x24 Core/Src/can.o
                0x00000000080002a8                can_tx_init
 .text.MX_DMA_Init
                0x00000000080002cc       0x4c Core/Src/dma.o
                0x00000000080002cc                MX_DMA_Init
 .text.MX_GPIO_Init
                0x0000000008000318       0x98 Core/Src/gpio.o
                0x0000000008000318                MX_GPIO_Init
 .text.main     0x00000000080003b0       0x34 Core/Src/main.o
                0x00000000080003b0                main
 .text.SystemClock_Config
                0x00000000080003e4       0x8a Core/Src/main.o
                0x00000000080003e4                SystemClock_Config
 .text.Error_Handler
                0x000000000800046e        0xa Core/Src/main.o
                0x000000000800046e                Error_Handler
 .text.HAL_MspInit
                0x0000000008000478       0x64 Core/Src/stm32f1xx_hal_msp.o
                0x0000000008000478                HAL_MspInit
 .text.NMI_Handler
                0x00000000080004dc        0x6 Core/Src/stm32f1xx_it.o
                0x00000000080004dc                NMI_Handler
 .text.HardFault_Handler
                0x00000000080004e2        0x6 Core/Src/stm32f1xx_it.o
                0x00000000080004e2                HardFault_Handler
 .text.MemManage_Handler
                0x00000000080004e8        0x6 Core/Src/stm32f1xx_it.o
                0x00000000080004e8                MemManage_Handler
 .text.BusFault_Handler
                0x00000000080004ee        0x6 Core/Src/stm32f1xx_it.o
                0x00000000080004ee                BusFault_Handler
 .text.UsageFault_Handler
                0x00000000080004f4        0x6 Core/Src/stm32f1xx_it.o
                0x00000000080004f4                UsageFault_Handler
 .text.SVC_Handler
                0x00000000080004fa        0xc Core/Src/stm32f1xx_it.o
                0x00000000080004fa                SVC_Handler
 .text.DebugMon_Handler
                0x0000000008000506        0xc Core/Src/stm32f1xx_it.o
                0x0000000008000506                DebugMon_Handler
 .text.PendSV_Handler
                0x0000000008000512        0xc Core/Src/stm32f1xx_it.o
                0x0000000008000512                PendSV_Handler
 .text.SysTick_Handler
                0x000000000800051e        0xc Core/Src/stm32f1xx_it.o
                0x000000000800051e                SysTick_Handler
 *fill*         0x000000000800052a        0x2 
 .text.DMA1_Channel4_IRQHandler
                0x000000000800052c       0x14 Core/Src/stm32f1xx_it.o
                0x000000000800052c                DMA1_Channel4_IRQHandler
 .text.DMA1_Channel5_IRQHandler
                0x0000000008000540       0x14 Core/Src/stm32f1xx_it.o
                0x0000000008000540                DMA1_Channel5_IRQHandler
 .text.USB_LP_CAN1_RX0_IRQHandler
                0x0000000008000554       0x90 Core/Src/stm32f1xx_it.o
                0x0000000008000554                USB_LP_CAN1_RX0_IRQHandler
 .text.USART1_IRQHandler
                0x00000000080005e4       0x14 Core/Src/stm32f1xx_it.o
                0x00000000080005e4                USART1_IRQHandler
 .text.SystemInit
                0x00000000080005f8        0xc Core/Src/system_stm32f1xx.o
                0x00000000080005f8                SystemInit
 .text.HAL_UART_RxCpltCallback
                0x0000000008000604       0x84 Core/Src/usart.o
                0x0000000008000604                HAL_UART_RxCpltCallback
 .text.HAL_UART_TxCpltCallback
                0x0000000008000688       0x30 Core/Src/usart.o
                0x0000000008000688                HAL_UART_TxCpltCallback
 .text.Reset_Handler
                0x00000000080006b8       0x48 Core/Startup/startup_stm32f103c8tx.o
                0x00000000080006b8                Reset_Handler
 .text.Default_Handler
                0x0000000008000700        0x2 Core/Startup/startup_stm32f103c8tx.o
                0x0000000008000700                RTC_Alarm_IRQHandler
                0x0000000008000700                EXTI2_IRQHandler
                0x0000000008000700                TIM1_CC_IRQHandler
                0x0000000008000700                PVD_IRQHandler
                0x0000000008000700                EXTI3_IRQHandler
                0x0000000008000700                EXTI0_IRQHandler
                0x0000000008000700                I2C2_EV_IRQHandler
                0x0000000008000700                ADC1_2_IRQHandler
                0x0000000008000700                SPI1_IRQHandler
                0x0000000008000700                TAMPER_IRQHandler
                0x0000000008000700                USART3_IRQHandler
                0x0000000008000700                RTC_IRQHandler
                0x0000000008000700                DMA1_Channel7_IRQHandler
                0x0000000008000700                CAN1_RX1_IRQHandler
                0x0000000008000700                TIM4_IRQHandler
                0x0000000008000700                I2C1_EV_IRQHandler
                0x0000000008000700                DMA1_Channel6_IRQHandler
                0x0000000008000700                TIM3_IRQHandler
                0x0000000008000700                RCC_IRQHandler
                0x0000000008000700                TIM1_TRG_COM_IRQHandler
                0x0000000008000700                DMA1_Channel1_IRQHandler
                0x0000000008000700                Default_Handler
                0x0000000008000700                EXTI15_10_IRQHandler
                0x0000000008000700                EXTI9_5_IRQHandler
                0x0000000008000700                SPI2_IRQHandler
                0x0000000008000700                EXTI4_IRQHandler
                0x0000000008000700                USB_HP_CAN1_TX_IRQHandler
                0x0000000008000700                DMA1_Channel3_IRQHandler
                0x0000000008000700                TIM1_UP_IRQHandler
                0x0000000008000700                WWDG_IRQHandler
                0x0000000008000700                TIM2_IRQHandler
                0x0000000008000700                TIM1_BRK_IRQHandler
                0x0000000008000700                EXTI1_IRQHandler
                0x0000000008000700                USART2_IRQHandler
                0x0000000008000700                I2C2_ER_IRQHandler
                0x0000000008000700                DMA1_Channel2_IRQHandler
                0x0000000008000700                CAN1_SCE_IRQHandler
                0x0000000008000700                FLASH_IRQHandler
                0x0000000008000700                I2C1_ER_IRQHandler
                0x0000000008000700                USBWakeUp_IRQHandler
 *fill*         0x0000000008000702        0x2 
 .text.HAL_Init
                0x0000000008000704       0x2c Drivers/STM32F1xx_HAL_Driver/Src/stm32f1xx_hal.o
                0x0000000008000704                HAL_Init
 .text.HAL_InitTick
                0x0000000008000730       0x60 Drivers/STM32F1xx_HAL_Driver/Src/stm32f1xx_hal.o
                0x0000000008000730                HAL_InitTick
 .text.HAL_IncTick
                0x0000000008000790       0x24 Drivers/STM32F1xx_HAL_Driver/Src/stm32f1xx_hal.o
                0x0000000008000790                HAL_IncTick
 .text.HAL_GetTick
                0x00000000080007b4       0x14 Drivers/STM32F1xx_HAL_Driver/Src/stm32f1xx_hal.o
                0x00000000080007b4                HAL_GetTick
 .text.HAL_CAN_Init
                0x00000000080007c8      0x1f6 Drivers/STM32F1xx_HAL_Driver/Src/stm32f1xx_hal_can.o
                0x00000000080007c8                HAL_CAN_Init
 .text.HAL_CAN_ConfigFilter
                0x00000000080009be      0x192 Drivers/STM32F1xx_HAL_Driver/Src/stm32f1xx_hal_can.o
                0x00000000080009be                HAL_CAN_ConfigFilter
 .text.HAL_CAN_Start
                0x0000000008000b50       0x88 Drivers/STM32F1xx_HAL_Driver/Src/stm32f1xx_hal_can.o
                0x0000000008000b50                HAL_CAN_Start
 .text.HAL_CAN_AddTxMessage
                0x0000000008000bd8      0x1b4 Drivers/STM32F1xx_HAL_Driver/Src/stm32f1xx_hal_can.o
                0x0000000008000bd8                HAL_CAN_AddTxMessage
 .text.HAL_CAN_GetRxMessage
                0x0000000008000d8c      0x222 Drivers/STM32F1xx_HAL_Driver/Src/stm32f1xx_hal_can.o
                0x0000000008000d8c                HAL_CAN_GetRxMessage
 .text.HAL_CAN_ActivateNotification
                0x0000000008000fae       0x4a Drivers/STM32F1xx_HAL_Driver/Src/stm32f1xx_hal_can.o
                0x0000000008000fae                HAL_CAN_ActivateNotification
 .text.HAL_CAN_IRQHandler
                0x0000000008000ff8      0x36e Drivers/STM32F1xx_HAL_Driver/Src/stm32f1xx_hal_can.o
                0x0000000008000ff8                HAL_CAN_IRQHandler
 .text.HAL_CAN_TxMailbox0CompleteCallback
                0x0000000008001366       0x12 Drivers/STM32F1xx_HAL_Driver/Src/stm32f1xx_hal_can.o
                0x0000000008001366                HAL_CAN_TxMailbox0CompleteCallback
 .text.HAL_CAN_TxMailbox1CompleteCallback
                0x0000000008001378       0x12 Drivers/STM32F1xx_HAL_Driver/Src/stm32f1xx_hal_can.o
                0x0000000008001378                HAL_CAN_TxMailbox1CompleteCallback
 .text.HAL_CAN_TxMailbox2CompleteCallback
                0x000000000800138a       0x12 Drivers/STM32F1xx_HAL_Driver/Src/stm32f1xx_hal_can.o
                0x000000000800138a                HAL_CAN_TxMailbox2CompleteCallback
 .text.HAL_CAN_TxMailbox0AbortCallback
                0x000000000800139c       0x12 Drivers/STM32F1xx_HAL_Driver/Src/stm32f1xx_hal_can.o
                0x000000000800139c                HAL_CAN_TxMailbox0AbortCallback
 .text.HAL_CAN_TxMailbox1AbortCallback
                0x00000000080013ae       0x12 Drivers/STM32F1xx_HAL_Driver/Src/stm32f1xx_hal_can.o
                0x00000000080013ae                HAL_CAN_TxMailbox1AbortCallback
 .text.HAL_CAN_TxMailbox2AbortCallback
                0x00000000080013c0       0x12 Drivers/STM32F1xx_HAL_Driver/Src/stm32f1xx_hal_can.o
                0x00000000080013c0                HAL_CAN_TxMailbox2AbortCallback
 .text.HAL_CAN_RxFifo0MsgPendingCallback
                0x00000000080013d2       0x12 Drivers/STM32F1xx_HAL_Driver/Src/stm32f1xx_hal_can.o
                0x00000000080013d2                HAL_CAN_RxFifo0MsgPendingCallback
 .text.HAL_CAN_RxFifo0FullCallback
                0x00000000080013e4       0x12 Drivers/STM32F1xx_HAL_Driver/Src/stm32f1xx_hal_can.o
                0x00000000080013e4                HAL_CAN_RxFifo0FullCallback
 .text.HAL_CAN_RxFifo1MsgPendingCallback
                0x00000000080013f6       0x12 Drivers/STM32F1xx_HAL_Driver/Src/stm32f1xx_hal_can.o
                0x00000000080013f6                HAL_CAN_RxFifo1MsgPendingCallback
 .text.HAL_CAN_RxFifo1FullCallback
                0x0000000008001408       0x12 Drivers/STM32F1xx_HAL_Driver/Src/stm32f1xx_hal_can.o
                0x0000000008001408                HAL_CAN_RxFifo1FullCallback
 .text.HAL_CAN_SleepCallback
                0x000000000800141a       0x12 Drivers/STM32F1xx_HAL_Driver/Src/stm32f1xx_hal_can.o
                0x000000000800141a                HAL_CAN_SleepCallback
 .text.HAL_CAN_WakeUpFromRxMsgCallback
                0x000000000800142c       0x12 Drivers/STM32F1xx_HAL_Driver/Src/stm32f1xx_hal_can.o
                0x000000000800142c                HAL_CAN_WakeUpFromRxMsgCallback
 .text.HAL_CAN_ErrorCallback
                0x000000000800143e       0x12 Drivers/STM32F1xx_HAL_Driver/Src/stm32f1xx_hal_can.o
                0x000000000800143e                HAL_CAN_ErrorCallback
 .text.__NVIC_SetPriorityGrouping
                0x0000000008001450       0x48 Drivers/STM32F1xx_HAL_Driver/Src/stm32f1xx_hal_cortex.o
 .text.__NVIC_GetPriorityGrouping
                0x0000000008001498       0x1c Drivers/STM32F1xx_HAL_Driver/Src/stm32f1xx_hal_cortex.o
 .text.__NVIC_EnableIRQ
                0x00000000080014b4       0x38 Drivers/STM32F1xx_HAL_Driver/Src/stm32f1xx_hal_cortex.o
 .text.__NVIC_SetPriority
                0x00000000080014ec       0x54 Drivers/STM32F1xx_HAL_Driver/Src/stm32f1xx_hal_cortex.o
 .text.NVIC_EncodePriority
                0x0000000008001540       0x64 Drivers/STM32F1xx_HAL_Driver/Src/stm32f1xx_hal_cortex.o
 .text.SysTick_Config
                0x00000000080015a4       0x44 Drivers/STM32F1xx_HAL_Driver/Src/stm32f1xx_hal_cortex.o
 .text.HAL_NVIC_SetPriorityGrouping
                0x00000000080015e8       0x16 Drivers/STM32F1xx_HAL_Driver/Src/stm32f1xx_hal_cortex.o
                0x00000000080015e8                HAL_NVIC_SetPriorityGrouping
 .text.HAL_NVIC_SetPriority
                0x00000000080015fe       0x38 Drivers/STM32F1xx_HAL_Driver/Src/stm32f1xx_hal_cortex.o
                0x00000000080015fe                HAL_NVIC_SetPriority
 .text.HAL_NVIC_EnableIRQ
                0x0000000008001636       0x1c Drivers/STM32F1xx_HAL_Driver/Src/stm32f1xx_hal_cortex.o
                0x0000000008001636                HAL_NVIC_EnableIRQ
 .text.HAL_SYSTICK_Config
                0x0000000008001652       0x18 Drivers/STM32F1xx_HAL_Driver/Src/stm32f1xx_hal_cortex.o
                0x0000000008001652                HAL_SYSTICK_Config
 .text.HAL_DMA_Start_IT
                0x000000000800166a       0xbe Drivers/STM32F1xx_HAL_Driver/Src/stm32f1xx_hal_dma.o
                0x000000000800166a                HAL_DMA_Start_IT
 .text.HAL_DMA_Abort
                0x0000000008001728       0x74 Drivers/STM32F1xx_HAL_Driver/Src/stm32f1xx_hal_dma.o
                0x0000000008001728                HAL_DMA_Abort
 .text.HAL_DMA_Abort_IT
                0x000000000800179c       0xec Drivers/STM32F1xx_HAL_Driver/Src/stm32f1xx_hal_dma.o
                0x000000000800179c                HAL_DMA_Abort_IT
 .text.HAL_DMA_IRQHandler
                0x0000000008001888      0x20c Drivers/STM32F1xx_HAL_Driver/Src/stm32f1xx_hal_dma.o
                0x0000000008001888                HAL_DMA_IRQHandler
 .text.DMA_SetConfig
                0x0000000008001a94       0x5a Drivers/STM32F1xx_HAL_Driver/Src/stm32f1xx_hal_dma.o
 *fill*         0x0000000008001aee        0x2 
 .text.HAL_GPIO_Init
                0x0000000008001af0      0x308 Drivers/STM32F1xx_HAL_Driver/Src/stm32f1xx_hal_gpio.o
                0x0000000008001af0                HAL_GPIO_Init
 .text.HAL_GPIO_WritePin
                0x0000000008001df8       0x30 Drivers/STM32F1xx_HAL_Driver/Src/stm32f1xx_hal_gpio.o
                0x0000000008001df8                HAL_GPIO_WritePin
 .text.HAL_GPIO_TogglePin
                0x0000000008001e28       0x32 Drivers/STM32F1xx_HAL_Driver/Src/stm32f1xx_hal_gpio.o
                0x0000000008001e28                HAL_GPIO_TogglePin
 *fill*         0x0000000008001e5a        0x2 
 .text.HAL_RCC_OscConfig
                0x0000000008001e5c      0x504 Drivers/STM32F1xx_HAL_Driver/Src/stm32f1xx_hal_rcc.o
                0x0000000008001e5c                HAL_RCC_OscConfig
 .text.HAL_RCC_ClockConfig
                0x0000000008002360      0x1d4 Drivers/STM32F1xx_HAL_Driver/Src/stm32f1xx_hal_rcc.o
                0x0000000008002360                HAL_RCC_ClockConfig
 .text.HAL_RCC_GetSysClockFreq
                0x0000000008002534       0xbc Drivers/STM32F1xx_HAL_Driver/Src/stm32f1xx_hal_rcc.o
                0x0000000008002534                HAL_RCC_GetSysClockFreq
 .text.RCC_Delay
                0x00000000080025f0       0x3c Drivers/STM32F1xx_HAL_Driver/Src/stm32f1xx_hal_rcc.o
 .text.HAL_UART_Transmit_DMA
                0x000000000800262c       0xd8 Drivers/STM32F1xx_HAL_Driver/Src/stm32f1xx_hal_uart.o
                0x000000000800262c                HAL_UART_Transmit_DMA
 .text.HAL_UART_Receive_DMA
                0x0000000008002704       0x60 Drivers/STM32F1xx_HAL_Driver/Src/stm32f1xx_hal_uart.o
                0x0000000008002704                HAL_UART_Receive_DMA
 .text.HAL_UART_IRQHandler
                0x0000000008002764      0x354 Drivers/STM32F1xx_HAL_Driver/Src/stm32f1xx_hal_uart.o
                0x0000000008002764                HAL_UART_IRQHandler
 .text.HAL_UART_TxHalfCpltCallback
                0x0000000008002ab8       0x12 Drivers/STM32F1xx_HAL_Driver/Src/stm32f1xx_hal_uart.o
                0x0000000008002ab8                HAL_UART_TxHalfCpltCallback
 .text.HAL_UART_RxHalfCpltCallback
                0x0000000008002aca       0x12 Drivers/STM32F1xx_HAL_Driver/Src/stm32f1xx_hal_uart.o
                0x0000000008002aca                HAL_UART_RxHalfCpltCallback
 .text.HAL_UART_ErrorCallback
                0x0000000008002adc       0x12 Drivers/STM32F1xx_HAL_Driver/Src/stm32f1xx_hal_uart.o
                0x0000000008002adc                HAL_UART_ErrorCallback
 .text.HAL_UARTEx_RxEventCallback
                0x0000000008002aee       0x16 Drivers/STM32F1xx_HAL_Driver/Src/stm32f1xx_hal_uart.o
                0x0000000008002aee                HAL_UARTEx_RxEventCallback
 .text.UART_DMATransmitCplt
                0x0000000008002b04       0x52 Drivers/STM32F1xx_HAL_Driver/Src/stm32f1xx_hal_uart.o
 .text.UART_DMATxHalfCplt
                0x0000000008002b56       0x1c Drivers/STM32F1xx_HAL_Driver/Src/stm32f1xx_hal_uart.o
 .text.UART_DMAReceiveCplt
                0x0000000008002b72       0x96 Drivers/STM32F1xx_HAL_Driver/Src/stm32f1xx_hal_uart.o
 .text.UART_DMARxHalfCplt
                0x0000000008002c08       0x36 Drivers/STM32F1xx_HAL_Driver/Src/stm32f1xx_hal_uart.o
 .text.UART_DMAError
                0x0000000008002c3e       0x94 Drivers/STM32F1xx_HAL_Driver/Src/stm32f1xx_hal_uart.o
 *fill*         0x0000000008002cd2        0x2 
 .text.UART_Start_Receive_DMA
                0x0000000008002cd4       0xc8 Drivers/STM32F1xx_HAL_Driver/Src/stm32f1xx_hal_uart.o
                0x0000000008002cd4                UART_Start_Receive_DMA
 .text.UART_EndTxTransfer
                0x0000000008002d9c       0x2a Drivers/STM32F1xx_HAL_Driver/Src/stm32f1xx_hal_uart.o
 .text.UART_EndRxTransfer
                0x0000000008002dc6       0x58 Drivers/STM32F1xx_HAL_Driver/Src/stm32f1xx_hal_uart.o
 .text.UART_DMAAbortOnError
                0x0000000008002e1e       0x28 Drivers/STM32F1xx_HAL_Driver/Src/stm32f1xx_hal_uart.o
 .text.UART_Transmit_IT
                0x0000000008002e46       0x9e Drivers/STM32F1xx_HAL_Driver/Src/stm32f1xx_hal_uart.o
 .text.UART_EndTransmit_IT
                0x0000000008002ee4       0x30 Drivers/STM32F1xx_HAL_Driver/Src/stm32f1xx_hal_uart.o
 .text.UART_Receive_IT
                0x0000000008002f14      0x152 Drivers/STM32F1xx_HAL_Driver/Src/stm32f1xx_hal_uart.o
 *fill*         0x0000000008003066        0x2 
 .text.__libc_init_array
                0x0000000008003068       0x48 /usr/share/gcc-arm-none-eabi-10.3-2021.10/bin/../lib/gcc/arm-none-eabi/10.3.1/../../../../arm-none-eabi/lib/thumb/v7-m/nofp/libc_nano.a(lib_a-init.o)
                0x0000000008003068                __libc_init_array
 .text.memset   0x00000000080030b0       0x10 /usr/share/gcc-arm-none-eabi-10.3-2021.10/bin/../lib/gcc/arm-none-eabi/10.3.1/../../../../arm-none-eabi/lib/thumb/v7-m/nofp/libc_nano.a(lib_a-memset.o)
                0x00000000080030b0                memset
 *(.glue_7)
 .glue_7        0x00000000080030c0        0x0 linker stubs
 *(.glue_7t)
 .glue_7t       0x00000000080030c0        0x0 linker stubs
 *(.eh_frame)
 .eh_frame      0x00000000080030c0        0x0 /usr/share/gcc-arm-none-eabi-10.3-2021.10/bin/../lib/gcc/arm-none-eabi/10.3.1/thumb/v7-m/nofp/crtbegin.o
 *(.init)
 .init          0x00000000080030c0        0x4 /usr/share/gcc-arm-none-eabi-10.3-2021.10/bin/../lib/gcc/arm-none-eabi/10.3.1/thumb/v7-m/nofp/crti.o
                0x00000000080030c0                _init
 .init          0x00000000080030c4        0x8 /usr/share/gcc-arm-none-eabi-10.3-2021.10/bin/../lib/gcc/arm-none-eabi/10.3.1/thumb/v7-m/nofp/crtn.o
 *(.fini)
 .fini          0x00000000080030cc        0x4 /usr/share/gcc-arm-none-eabi-10.3-2021.10/bin/../lib/gcc/arm-none-eabi/10.3.1/thumb/v7-m/nofp/crti.o
                0x00000000080030cc                _fini
 .fini          0x00000000080030d0        0x8 /usr/share/gcc-arm-none-eabi-10.3-2021.10/bin/../lib/gcc/arm-none-eabi/10.3.1/thumb/v7-m/nofp/crtn.o
                0x00000000080030d8                . = ALIGN (0x4)
                0x00000000080030d8                _etext = .

.vfp11_veneer   0x00000000080030d8        0x0
 .vfp11_veneer  0x00000000080030d8        0x0 linker stubs

.v4_bx          0x00000000080030d8        0x0
 .v4_bx         0x00000000080030d8        0x0 linker stubs

.iplt           0x00000000080030d8        0x0
 .iplt          0x00000000080030d8        0x0 /usr/share/gcc-arm-none-eabi-10.3-2021.10/bin/../lib/gcc/arm-none-eabi/10.3.1/thumb/v7-m/nofp/crtbegin.o

.rodata         0x00000000080030d8       0x20
                0x00000000080030d8                . = ALIGN (0x4)
 *(.rodata)
 .rodata        0x00000000080030d8       0x10 Drivers/STM32F1xx_HAL_Driver/Src/stm32f1xx_hal_rcc.o
 *(.rodata*)
 .rodata.AHBPrescTable
                0x00000000080030e8       0x10 Core/Src/system_stm32f1xx.o
                0x00000000080030e8                AHBPrescTable
                0x00000000080030f8                . = ALIGN (0x4)

.rel.dyn        0x00000000080030f8        0x0
 .rel.iplt      0x00000000080030f8        0x0 /usr/share/gcc-arm-none-eabi-10.3-2021.10/bin/../lib/gcc/arm-none-eabi/10.3.1/thumb/v7-m/nofp/crtbegin.o

.ARM.extab      0x00000000080030f8        0x0
                0x00000000080030f8                . = ALIGN (0x4)
 *(.ARM.extab* .gnu.linkonce.armextab.*)
                0x00000000080030f8                . = ALIGN (0x4)

.ARM            0x00000000080030f8        0x0
                0x00000000080030f8                . = ALIGN (0x4)
                0x00000000080030f8                __exidx_start = .
 *(.ARM.exidx*)
                0x00000000080030f8                __exidx_end = .
                0x00000000080030f8                . = ALIGN (0x4)

.preinit_array  0x00000000080030f8        0x0
                0x00000000080030f8                . = ALIGN (0x4)
                0x00000000080030f8                PROVIDE (__preinit_array_start = .)
 *(.preinit_array*)
                0x00000000080030f8                PROVIDE (__preinit_array_end = .)
                0x00000000080030f8                . = ALIGN (0x4)

.init_array     0x00000000080030f8        0x4
                0x00000000080030f8                . = ALIGN (0x4)
                0x00000000080030f8                PROVIDE (__init_array_start = .)
 *(SORT_BY_NAME(.init_array.*))
 *(.init_array*)
 .init_array    0x00000000080030f8        0x4 /usr/share/gcc-arm-none-eabi-10.3-2021.10/bin/../lib/gcc/arm-none-eabi/10.3.1/thumb/v7-m/nofp/crtbegin.o
                0x00000000080030fc                PROVIDE (__init_array_end = .)
                0x00000000080030fc                . = ALIGN (0x4)

.fini_array     0x00000000080030fc        0x4
                0x00000000080030fc                . = ALIGN (0x4)
                [!provide]                        PROVIDE (__fini_array_start = .)
 *(SORT_BY_NAME(.fini_array.*))
 *(.fini_array*)
 .fini_array    0x00000000080030fc        0x4 /usr/share/gcc-arm-none-eabi-10.3-2021.10/bin/../lib/gcc/arm-none-eabi/10.3.1/thumb/v7-m/nofp/crtbegin.o
                [!provide]                        PROVIDE (__fini_array_end = .)
                0x0000000008003100                . = ALIGN (0x4)
                0x0000000008003100                _sidata = LOADADDR (.data)

.data           0x0000000020000000        0xc load address 0x0000000008003100
                0x0000000020000000                . = ALIGN (0x4)
                0x0000000020000000                _sdata = .
 *(.data)
 *(.data*)
 .data.SystemCoreClock
                0x0000000020000000        0x4 Core/Src/system_stm32f1xx.o
                0x0000000020000000                SystemCoreClock
 .data.uwTickPrio
                0x0000000020000004        0x4 Drivers/STM32F1xx_HAL_Driver/Src/stm32f1xx_hal.o
                0x0000000020000004                uwTickPrio
 .data.uwTickFreq
                0x0000000020000008        0x1 Drivers/STM32F1xx_HAL_Driver/Src/stm32f1xx_hal.o
                0x0000000020000008                uwTickFreq
 *(.RamFunc)
 *(.RamFunc*)
                0x000000002000000c                . = ALIGN (0x4)
 *fill*         0x0000000020000009        0x3 
                0x000000002000000c                _edata = .

.igot.plt       0x000000002000000c        0x0 load address 0x000000000800310c
 .igot.plt      0x000000002000000c        0x0 /usr/share/gcc-arm-none-eabi-10.3-2021.10/bin/../lib/gcc/arm-none-eabi/10.3.1/thumb/v7-m/nofp/crtbegin.o
                0x000000002000000c                . = ALIGN (0x4)

.bss            0x000000002000000c      0x190 load address 0x000000000800310c
                0x000000002000000c                _sbss = .
                0x000000002000000c                __bss_start__ = _sbss
 *(.bss)
 .bss           0x000000002000000c       0x1c /usr/share/gcc-arm-none-eabi-10.3-2021.10/bin/../lib/gcc/arm-none-eabi/10.3.1/thumb/v7-m/nofp/crtbegin.o
 *(.bss*)
 .bss.hcan      0x0000000020000028       0x28 Core/Src/can.o
                0x0000000020000028                hcan
 .bss.rx_canHeader
                0x0000000020000050       0x1c Core/Src/can.o
                0x0000000020000050                rx_canHeader
 .bss.tx_canHeader
                0x000000002000006c       0x18 Core/Src/can.o
                0x000000002000006c                tx_canHeader
 .bss.can_filter
                0x0000000020000084       0x28 Core/Src/can.o
                0x0000000020000084                can_filter
 .bss.can_rx_data
                0x00000000200000ac        0x8 Core/Src/can.o
                0x00000000200000ac                can_rx_data
 .bss.can_tx_data
                0x00000000200000b4        0x6 Core/Src/can.o
                0x00000000200000b4                can_tx_data
 *fill*         0x00000000200000ba        0x2 
 .bss.TxMailbox
                0x00000000200000bc        0x4 Core/Src/can.o
                0x00000000200000bc                TxMailbox
 .bss.uart1_rxBuf
                0x00000000200000c0        0x9 Core/Src/usart.o
                0x00000000200000c0                uart1_rxBuf
 *fill*         0x00000000200000c9        0x3 
 .bss.huart1    0x00000000200000cc       0x44 Core/Src/usart.o
                0x00000000200000cc                huart1
 .bss.hdma_usart1_tx
                0x0000000020000110       0x44 Core/Src/usart.o
                0x0000000020000110                hdma_usart1_tx
 .bss.hdma_usart1_rx
                0x0000000020000154       0x44 Core/Src/usart.o
                0x0000000020000154                hdma_usart1_rx
 .bss.uwTick    0x0000000020000198        0x4 Drivers/STM32F1xx_HAL_Driver/Src/stm32f1xx_hal.o
                0x0000000020000198                uwTick
 *(COMMON)
                0x000000002000019c                . = ALIGN (0x4)
                0x000000002000019c                _ebss = .
                0x000000002000019c                __bss_end__ = _ebss

._user_heap_stack
                0x000000002000019c      0x604 load address 0x000000000800310c
                0x00000000200001a0                . = ALIGN (0x8)
 *fill*         0x000000002000019c        0x4 
                [!provide]                        PROVIDE (end = .)
                0x00000000200001a0                PROVIDE (_end = .)
                0x00000000200003a0                . = (. + _Min_Heap_Size)
 *fill*         0x00000000200001a0      0x200 
                0x00000000200007a0                . = (. + _Min_Stack_Size)
 *fill*         0x00000000200003a0      0x400 
                0x00000000200007a0                . = ALIGN (0x8)

/DISCARD/
 libc.a(*)
 libm.a(*)
 libgcc.a(*)

.ARM.attributes
                0x0000000000000000       0x29
 *(.ARM.attributes)
 .ARM.attributes
                0x0000000000000000       0x1d /usr/share/gcc-arm-none-eabi-10.3-2021.10/bin/../lib/gcc/arm-none-eabi/10.3.1/thumb/v7-m/nofp/crti.o
 .ARM.attributes
                0x000000000000001d       0x2d /usr/share/gcc-arm-none-eabi-10.3-2021.10/bin/../lib/gcc/arm-none-eabi/10.3.1/thumb/v7-m/nofp/crtbegin.o
 .ARM.attributes
                0x000000000000004a       0x2d Core/Src/can.o
 .ARM.attributes
                0x0000000000000077       0x2d Core/Src/dma.o
 .ARM.attributes
                0x00000000000000a4       0x2d Core/Src/gpio.o
 .ARM.attributes
                0x00000000000000d1       0x2d Core/Src/main.o
 .ARM.attributes
                0x00000000000000fe       0x2d Core/Src/stm32f1xx_hal_msp.o
 .ARM.attributes
                0x000000000000012b       0x2d Core/Src/stm32f1xx_it.o
 .ARM.attributes
                0x0000000000000158       0x2d Core/Src/system_stm32f1xx.o
 .ARM.attributes
                0x0000000000000185       0x2d Core/Src/usart.o
 .ARM.attributes
                0x00000000000001b2       0x21 Core/Startup/startup_stm32f103c8tx.o
 .ARM.attributes
                0x00000000000001d3       0x2d Drivers/STM32F1xx_HAL_Driver/Src/stm32f1xx_hal.o
 .ARM.attributes
                0x0000000000000200       0x2d Drivers/STM32F1xx_HAL_Driver/Src/stm32f1xx_hal_can.o
 .ARM.attributes
                0x000000000000022d       0x2d Drivers/STM32F1xx_HAL_Driver/Src/stm32f1xx_hal_cortex.o
 .ARM.attributes
                0x000000000000025a       0x2d Drivers/STM32F1xx_HAL_Driver/Src/stm32f1xx_hal_dma.o
 .ARM.attributes
                0x0000000000000287       0x2d Drivers/STM32F1xx_HAL_Driver/Src/stm32f1xx_hal_gpio.o
 .ARM.attributes
                0x00000000000002b4       0x2d Drivers/STM32F1xx_HAL_Driver/Src/stm32f1xx_hal_rcc.o
 .ARM.attributes
                0x00000000000002e1       0x2d Drivers/STM32F1xx_HAL_Driver/Src/stm32f1xx_hal_uart.o
 .ARM.attributes
                0x000000000000030e       0x2d /usr/share/gcc-arm-none-eabi-10.3-2021.10/bin/../lib/gcc/arm-none-eabi/10.3.1/../../../../arm-none-eabi/lib/thumb/v7-m/nofp/libc_nano.a(lib_a-init.o)
 .ARM.attributes
                0x000000000000033b       0x2d /usr/share/gcc-arm-none-eabi-10.3-2021.10/bin/../lib/gcc/arm-none-eabi/10.3.1/../../../../arm-none-eabi/lib/thumb/v7-m/nofp/libc_nano.a(lib_a-memset.o)
 .ARM.attributes
                0x0000000000000368       0x1d /usr/share/gcc-arm-none-eabi-10.3-2021.10/bin/../lib/gcc/arm-none-eabi/10.3.1/thumb/v7-m/nofp/crtn.o
OUTPUT(Minicheetah_Motor_uart_can_bridge.elf elf32-littlearm)
LOAD linker stubs
LOAD /usr/share/gcc-arm-none-eabi-10.3-2021.10/bin/../lib/gcc/arm-none-eabi/10.3.1/../../../../arm-none-eabi/lib/thumb/v7-m/nofp/libc.a
LOAD /usr/share/gcc-arm-none-eabi-10.3-2021.10/bin/../lib/gcc/arm-none-eabi/10.3.1/../../../../arm-none-eabi/lib/thumb/v7-m/nofp/libm.a
LOAD /usr/share/gcc-arm-none-eabi-10.3-2021.10/bin/../lib/gcc/arm-none-eabi/10.3.1/thumb/v7-m/nofp/libgcc.a

.debug_info     0x0000000000000000     0x8144
 .debug_info    0x0000000000000000      0xa79 Core/Src/can.o
 .debug_info    0x0000000000000a79      0x2aa Core/Src/dma.o
 .debug_info    0x0000000000000d23      0x2a3 Core/Src/gpio.o
 .debug_info    0x0000000000000fc6      0x63c Core/Src/main.o
 .debug_info    0x0000000000001602      0x210 Core/Src/stm32f1xx_hal_msp.o
 .debug_info    0x0000000000001812      0xc05 Core/Src/stm32f1xx_it.o
 .debug_info    0x0000000000002417      0x23d Core/Src/system_stm32f1xx.o
 .debug_info    0x0000000000002654      0xe7c Core/Src/usart.o
 .debug_info    0x00000000000034d0       0x22 Core/Startup/startup_stm32f103c8tx.o
 .debug_info    0x00000000000034f2      0x6e1 Drivers/STM32F1xx_HAL_Driver/Src/stm32f1xx_hal.o
 .debug_info    0x0000000000003bd3      0xfab Drivers/STM32F1xx_HAL_Driver/Src/stm32f1xx_hal_can.o
 .debug_info    0x0000000000004b7e      0xb20 Drivers/STM32F1xx_HAL_Driver/Src/stm32f1xx_hal_cortex.o
 .debug_info    0x000000000000569e      0x732 Drivers/STM32F1xx_HAL_Driver/Src/stm32f1xx_hal_dma.o
 .debug_info    0x0000000000005dd0      0x615 Drivers/STM32F1xx_HAL_Driver/Src/stm32f1xx_hal_gpio.o
 .debug_info    0x00000000000063e5      0x819 Drivers/STM32F1xx_HAL_Driver/Src/stm32f1xx_hal_rcc.o
 .debug_info    0x0000000000006bfe     0x1546 Drivers/STM32F1xx_HAL_Driver/Src/stm32f1xx_hal_uart.o

.debug_abbrev   0x0000000000000000     0x1ad2
 .debug_abbrev  0x0000000000000000      0x205 Core/Src/can.o
 .debug_abbrev  0x0000000000000205       0xdc Core/Src/dma.o
 .debug_abbrev  0x00000000000002e1      0x10f Core/Src/gpio.o
 .debug_abbrev  0x00000000000003f0      0x1b8 Core/Src/main.o
 .debug_abbrev  0x00000000000005a8       0xd4 Core/Src/stm32f1xx_hal_msp.o
 .debug_abbrev  0x000000000000067c      0x1ec Core/Src/stm32f1xx_it.o
 .debug_abbrev  0x0000000000000868      0x13b Core/Src/system_stm32f1xx.o
 .debug_abbrev  0x00000000000009a3      0x210 Core/Src/usart.o
 .debug_abbrev  0x0000000000000bb3       0x12 Core/Startup/startup_stm32f103c8tx.o
 .debug_abbrev  0x0000000000000bc5      0x1c8 Drivers/STM32F1xx_HAL_Driver/Src/stm32f1xx_hal.o
 .debug_abbrev  0x0000000000000d8d      0x208 Drivers/STM32F1xx_HAL_Driver/Src/stm32f1xx_hal_can.o
 .debug_abbrev  0x0000000000000f95      0x2ed Drivers/STM32F1xx_HAL_Driver/Src/stm32f1xx_hal_cortex.o
 .debug_abbrev  0x0000000000001282      0x1e9 Drivers/STM32F1xx_HAL_Driver/Src/stm32f1xx_hal_dma.o
 .debug_abbrev  0x000000000000146b      0x1bb Drivers/STM32F1xx_HAL_Driver/Src/stm32f1xx_hal_gpio.o
 .debug_abbrev  0x0000000000001626      0x260 Drivers/STM32F1xx_HAL_Driver/Src/stm32f1xx_hal_rcc.o
 .debug_abbrev  0x0000000000001886      0x24c Drivers/STM32F1xx_HAL_Driver/Src/stm32f1xx_hal_uart.o

.debug_aranges  0x0000000000000000      0x870
 .debug_aranges
                0x0000000000000000       0x40 Core/Src/can.o
 .debug_aranges
                0x0000000000000040       0x20 Core/Src/dma.o
 .debug_aranges
                0x0000000000000060       0x20 Core/Src/gpio.o
 .debug_aranges
                0x0000000000000080       0x30 Core/Src/main.o
 .debug_aranges
                0x00000000000000b0       0x20 Core/Src/stm32f1xx_hal_msp.o
 .debug_aranges
                0x00000000000000d0       0x80 Core/Src/stm32f1xx_it.o
 .debug_aranges
                0x0000000000000150       0x28 Core/Src/system_stm32f1xx.o
 .debug_aranges
                0x0000000000000178       0x50 Core/Src/usart.o
 .debug_aranges
                0x00000000000001c8       0x28 Core/Startup/startup_stm32f103c8tx.o
 .debug_aranges
                0x00000000000001f0       0xe0 Drivers/STM32F1xx_HAL_Driver/Src/stm32f1xx_hal.o
 .debug_aranges
                0x00000000000002d0      0x138 Drivers/STM32F1xx_HAL_Driver/Src/stm32f1xx_hal_can.o
 .debug_aranges
                0x0000000000000408      0x100 Drivers/STM32F1xx_HAL_Driver/Src/stm32f1xx_hal_cortex.o
 .debug_aranges
                0x0000000000000508       0x80 Drivers/STM32F1xx_HAL_Driver/Src/stm32f1xx_hal_dma.o
 .debug_aranges
                0x0000000000000588       0x58 Drivers/STM32F1xx_HAL_Driver/Src/stm32f1xx_hal_gpio.o
 .debug_aranges
                0x00000000000005e0       0x90 Drivers/STM32F1xx_HAL_Driver/Src/stm32f1xx_hal_rcc.o
 .debug_aranges
                0x0000000000000670      0x200 Drivers/STM32F1xx_HAL_Driver/Src/stm32f1xx_hal_uart.o

.debug_ranges   0x0000000000000000      0x7a8
 .debug_ranges  0x0000000000000000       0x30 Core/Src/can.o
 .debug_ranges  0x0000000000000030       0x10 Core/Src/dma.o
 .debug_ranges  0x0000000000000040       0x10 Core/Src/gpio.o
 .debug_ranges  0x0000000000000050       0x20 Core/Src/main.o
 .debug_ranges  0x0000000000000070       0x10 Core/Src/stm32f1xx_hal_msp.o
 .debug_ranges  0x0000000000000080       0x70 Core/Src/stm32f1xx_it.o
 .debug_ranges  0x00000000000000f0       0x18 Core/Src/system_stm32f1xx.o
 .debug_ranges  0x0000000000000108       0x40 Core/Src/usart.o
 .debug_ranges  0x0000000000000148       0x20 Core/Startup/startup_stm32f103c8tx.o
 .debug_ranges  0x0000000000000168       0xd0 Drivers/STM32F1xx_HAL_Driver/Src/stm32f1xx_hal.o
 .debug_ranges  0x0000000000000238      0x128 Drivers/STM32F1xx_HAL_Driver/Src/stm32f1xx_hal_can.o
 .debug_ranges  0x0000000000000360       0xf0 Drivers/STM32F1xx_HAL_Driver/Src/stm32f1xx_hal_cortex.o
 .debug_ranges  0x0000000000000450       0x70 Drivers/STM32F1xx_HAL_Driver/Src/stm32f1xx_hal_dma.o
 .debug_ranges  0x00000000000004c0       0x48 Drivers/STM32F1xx_HAL_Driver/Src/stm32f1xx_hal_gpio.o
 .debug_ranges  0x0000000000000508       0x80 Drivers/STM32F1xx_HAL_Driver/Src/stm32f1xx_hal_rcc.o
 .debug_ranges  0x0000000000000588      0x220 Drivers/STM32F1xx_HAL_Driver/Src/stm32f1xx_hal_uart.o

.debug_macro    0x0000000000000000    0x17c19
 .debug_macro   0x0000000000000000      0x1b1 Core/Src/can.o
 .debug_macro   0x00000000000001b1      0xa6c Core/Src/can.o
 .debug_macro   0x0000000000000c1d      0x221 Core/Src/can.o
 .debug_macro   0x0000000000000e3e       0x2e Core/Src/can.o
 .debug_macro   0x0000000000000e6c       0x22 Core/Src/can.o
 .debug_macro   0x0000000000000e8e       0x22 Core/Src/can.o
 .debug_macro   0x0000000000000eb0       0x8e Core/Src/can.o
 .debug_macro   0x0000000000000f3e       0x51 Core/Src/can.o
 .debug_macro   0x0000000000000f8f      0x103 Core/Src/can.o
 .debug_macro   0x0000000000001092       0x6a Core/Src/can.o
 .debug_macro   0x00000000000010fc      0x1df Core/Src/can.o
 .debug_macro   0x00000000000012db       0x1c Core/Src/can.o
 .debug_macro   0x00000000000012f7       0x22 Core/Src/can.o
 .debug_macro   0x0000000000001319       0xbd Core/Src/can.o
 .debug_macro   0x00000000000013d6      0xd23 Core/Src/can.o
 .debug_macro   0x00000000000020f9     0xe09e Core/Src/can.o
 .debug_macro   0x0000000000010197       0x6d Core/Src/can.o
 .debug_macro   0x0000000000010204     0x3468 Core/Src/can.o
 .debug_macro   0x000000000001366c      0x174 Core/Src/can.o
 .debug_macro   0x00000000000137e0       0x5c Core/Src/can.o
 .debug_macro   0x000000000001383c      0x5bf Core/Src/can.o
 .debug_macro   0x0000000000013dfb      0x289 Core/Src/can.o
 .debug_macro   0x0000000000014084      0x1cb Core/Src/can.o
 .debug_macro   0x000000000001424f      0x114 Core/Src/can.o
 .debug_macro   0x0000000000014363      0x1b2 Core/Src/can.o
 .debug_macro   0x0000000000014515       0x27 Core/Src/can.o
 .debug_macro   0x000000000001453c      0x136 Core/Src/can.o
 .debug_macro   0x0000000000014672      0x1bc Core/Src/can.o
 .debug_macro   0x000000000001482e       0x34 Core/Src/can.o
 .debug_macro   0x0000000000014862       0x3c Core/Src/can.o
 .debug_macro   0x000000000001489e      0x408 Core/Src/can.o
 .debug_macro   0x0000000000014ca6       0x57 Core/Src/can.o
 .debug_macro   0x0000000000014cfd       0x88 Core/Src/can.o
 .debug_macro   0x0000000000014d85      0x241 Core/Src/can.o
 .debug_macro   0x0000000000014fc6      0x141 Core/Src/can.o
 .debug_macro   0x0000000000015107      0x279 Core/Src/can.o
 .debug_macro   0x0000000000015380       0x83 Core/Src/can.o
 .debug_macro   0x0000000000015403       0x16 Core/Src/can.o
 .debug_macro   0x0000000000015419      0x1ac Core/Src/dma.o
 .debug_macro   0x00000000000155c5      0x1ac Core/Src/gpio.o
 .debug_macro   0x0000000000015771      0x3a3 Core/Src/main.o
 .debug_macro   0x0000000000015b14       0x52 Core/Src/main.o
 .debug_macro   0x0000000000015b66       0x18 Core/Src/main.o
 .debug_macro   0x0000000000015b7e       0x3c Core/Src/main.o
 .debug_macro   0x0000000000015bba       0x34 Core/Src/main.o
 .debug_macro   0x0000000000015bee       0x16 Core/Src/main.o
 .debug_macro   0x0000000000015c04       0x43 Core/Src/main.o
 .debug_macro   0x0000000000015c47       0x34 Core/Src/main.o
 .debug_macro   0x0000000000015c7b       0x10 Core/Src/main.o
 .debug_macro   0x0000000000015c8b       0x58 Core/Src/main.o
 .debug_macro   0x0000000000015ce3       0x71 Core/Src/main.o
 .debug_macro   0x0000000000015d54       0x1c Core/Src/main.o
 .debug_macro   0x0000000000015d70      0x12a Core/Src/main.o
 .debug_macro   0x0000000000015e9a      0x341 Core/Src/main.o
 .debug_macro   0x00000000000161db       0x10 Core/Src/main.o
 .debug_macro   0x00000000000161eb       0x35 Core/Src/main.o
 .debug_macro   0x0000000000016220       0x1c Core/Src/main.o
 .debug_macro   0x000000000001623c       0x10 Core/Src/main.o
 .debug_macro   0x000000000001624c       0x10 Core/Src/main.o
 .debug_macro   0x000000000001625c       0x1c Core/Src/main.o
 .debug_macro   0x0000000000016278       0x52 Core/Src/main.o
 .debug_macro   0x00000000000162ca       0x22 Core/Src/main.o
 .debug_macro   0x00000000000162ec       0x10 Core/Src/main.o
 .debug_macro   0x00000000000162fc       0x52 Core/Src/main.o
 .debug_macro   0x000000000001634e       0xd5 Core/Src/main.o
 .debug_macro   0x0000000000016423       0x1c Core/Src/main.o
 .debug_macro   0x000000000001643f       0x3d Core/Src/main.o
 .debug_macro   0x000000000001647c       0x16 Core/Src/main.o
 .debug_macro   0x0000000000016492      0x145 Core/Src/main.o
 .debug_macro   0x00000000000165d7      0x19b Core/Src/main.o
 .debug_macro   0x0000000000016772       0x10 Core/Src/main.o
 .debug_macro   0x0000000000016782       0x16 Core/Src/main.o
 .debug_macro   0x0000000000016798       0x10 Core/Src/main.o
 .debug_macro   0x00000000000167a8       0x41 Core/Src/main.o
 .debug_macro   0x00000000000167e9      0x1a2 Core/Src/stm32f1xx_hal_msp.o
 .debug_macro   0x000000000001698b      0x1c3 Core/Src/stm32f1xx_it.o
 .debug_macro   0x0000000000016b4e      0x198 Core/Src/system_stm32f1xx.o
 .debug_macro   0x0000000000016ce6      0x361 Core/Src/usart.o
 .debug_macro   0x0000000000017047      0x1bc Drivers/STM32F1xx_HAL_Driver/Src/stm32f1xx_hal.o
 .debug_macro   0x0000000000017203      0x1a0 Drivers/STM32F1xx_HAL_Driver/Src/stm32f1xx_hal_can.o
 .debug_macro   0x00000000000173a3      0x198 Drivers/STM32F1xx_HAL_Driver/Src/stm32f1xx_hal_cortex.o
 .debug_macro   0x000000000001753b      0x198 Drivers/STM32F1xx_HAL_Driver/Src/stm32f1xx_hal_dma.o
 .debug_macro   0x00000000000176d3      0x203 Drivers/STM32F1xx_HAL_Driver/Src/stm32f1xx_hal_gpio.o
 .debug_macro   0x00000000000178d6      0x1aa Drivers/STM32F1xx_HAL_Driver/Src/stm32f1xx_hal_rcc.o
 .debug_macro   0x0000000000017a80      0x199 Drivers/STM32F1xx_HAL_Driver/Src/stm32f1xx_hal_uart.o

.debug_line     0x0000000000000000     0x84bb
 .debug_line    0x0000000000000000      0x567 Core/Src/can.o
 .debug_line    0x0000000000000567      0x4a5 Core/Src/dma.o
 .debug_line    0x0000000000000a0c      0x4b6 Core/Src/gpio.o
 .debug_line    0x0000000000000ec2      0x713 Core/Src/main.o
 .debug_line    0x00000000000015d5      0x4a8 Core/Src/stm32f1xx_hal_msp.o
 .debug_line    0x0000000000001a7d      0x61c Core/Src/stm32f1xx_it.o
 .debug_line    0x0000000000002099      0x526 Core/Src/system_stm32f1xx.o
 .debug_line    0x00000000000025bf      0x7cf Core/Src/usart.o
 .debug_line    0x0000000000002d8e       0x87 Core/Startup/startup_stm32f103c8tx.o
 .debug_line    0x0000000000002e15      0x753 Drivers/STM32F1xx_HAL_Driver/Src/stm32f1xx_hal.o
 .debug_line    0x0000000000003568      0xef4 Drivers/STM32F1xx_HAL_Driver/Src/stm32f1xx_hal_can.o
 .debug_line    0x000000000000445c      0x93b Drivers/STM32F1xx_HAL_Driver/Src/stm32f1xx_hal_cortex.o
 .debug_line    0x0000000000004d97      0xbab Drivers/STM32F1xx_HAL_Driver/Src/stm32f1xx_hal_dma.o
 .debug_line    0x0000000000005942      0x7ea Drivers/STM32F1xx_HAL_Driver/Src/stm32f1xx_hal_gpio.o
 .debug_line    0x000000000000612c      0xb61 Drivers/STM32F1xx_HAL_Driver/Src/stm32f1xx_hal_rcc.o
 .debug_line    0x0000000000006c8d     0x182e Drivers/STM32F1xx_HAL_Driver/Src/stm32f1xx_hal_uart.o

.debug_str      0x0000000000000000    0x852f5
 .debug_str     0x0000000000000000    0x7ebdf Core/Src/can.o
                                      0x7efe5 (size before relaxing)
 .debug_str     0x000000000007ebdf       0x29 Core/Src/dma.o
                                      0x7eaed (size before relaxing)
 .debug_str     0x000000000007ec08       0x48 Core/Src/gpio.o
                                      0x7e893 (size before relaxing)
 .debug_str     0x000000000007ec50     0x47f7 Core/Src/main.o
                                      0x832c9 (size before relaxing)
 .debug_str     0x0000000000083447       0x50 Core/Src/stm32f1xx_hal_msp.o
                                      0x7e849 (size before relaxing)
 .debug_str     0x0000000000083497      0x47c Core/Src/stm32f1xx_it.o
                                      0x7f05e (size before relaxing)
 .debug_str     0x0000000000083913       0x7e Core/Src/system_stm32f1xx.o
                                      0x7e874 (size before relaxing)
 .debug_str     0x0000000000083991       0xcb Core/Src/usart.o
                                      0x838d4 (size before relaxing)
 .debug_str     0x0000000000083a5c       0x36 Core/Startup/startup_stm32f103c8tx.o
                                         0xd7 (size before relaxing)
 .debug_str     0x0000000000083a92      0x385 Drivers/STM32F1xx_HAL_Driver/Src/stm32f1xx_hal.o
                                      0x7ef58 (size before relaxing)
 .debug_str     0x0000000000083e17      0x48b Drivers/STM32F1xx_HAL_Driver/Src/stm32f1xx_hal_can.o
                                      0x7f068 (size before relaxing)
 .debug_str     0x00000000000842a2      0x2e2 Drivers/STM32F1xx_HAL_Driver/Src/stm32f1xx_hal_cortex.o
                                      0x7eef3 (size before relaxing)
 .debug_str     0x0000000000084584      0x23a Drivers/STM32F1xx_HAL_Driver/Src/stm32f1xx_hal_dma.o
                                      0x7ec11 (size before relaxing)
 .debug_str     0x00000000000847be      0x31f Drivers/STM32F1xx_HAL_Driver/Src/stm32f1xx_hal_gpio.o
                                      0x7ebfa (size before relaxing)
 .debug_str     0x0000000000084add      0x24f Drivers/STM32F1xx_HAL_Driver/Src/stm32f1xx_hal_rcc.o
                                      0x7ec7c (size before relaxing)
 .debug_str     0x0000000000084d2c      0x5c9 Drivers/STM32F1xx_HAL_Driver/Src/stm32f1xx_hal_uart.o
                                      0x7f237 (size before relaxing)

.comment        0x0000000000000000       0x49
 .comment       0x0000000000000000       0x49 Core/Src/can.o
                                         0x4a (size before relaxing)
 .comment       0x0000000000000049       0x4a Core/Src/dma.o
 .comment       0x0000000000000049       0x4a Core/Src/gpio.o
 .comment       0x0000000000000049       0x4a Core/Src/main.o
 .comment       0x0000000000000049       0x4a Core/Src/stm32f1xx_hal_msp.o
 .comment       0x0000000000000049       0x4a Core/Src/stm32f1xx_it.o
 .comment       0x0000000000000049       0x4a Core/Src/system_stm32f1xx.o
 .comment       0x0000000000000049       0x4a Core/Src/usart.o
 .comment       0x0000000000000049       0x4a Drivers/STM32F1xx_HAL_Driver/Src/stm32f1xx_hal.o
 .comment       0x0000000000000049       0x4a Drivers/STM32F1xx_HAL_Driver/Src/stm32f1xx_hal_can.o
 .comment       0x0000000000000049       0x4a Drivers/STM32F1xx_HAL_Driver/Src/stm32f1xx_hal_cortex.o
 .comment       0x0000000000000049       0x4a Drivers/STM32F1xx_HAL_Driver/Src/stm32f1xx_hal_dma.o
 .comment       0x0000000000000049       0x4a Drivers/STM32F1xx_HAL_Driver/Src/stm32f1xx_hal_gpio.o
 .comment       0x0000000000000049       0x4a Drivers/STM32F1xx_HAL_Driver/Src/stm32f1xx_hal_rcc.o
 .comment       0x0000000000000049       0x4a Drivers/STM32F1xx_HAL_Driver/Src/stm32f1xx_hal_uart.o

.debug_frame    0x0000000000000000     0x2054
 .debug_frame   0x0000000000000000       0xb0 Core/Src/can.o
 .debug_frame   0x00000000000000b0       0x34 Core/Src/dma.o
 .debug_frame   0x00000000000000e4       0x34 Core/Src/gpio.o
 .debug_frame   0x0000000000000118       0x68 Core/Src/main.o
 .debug_frame   0x0000000000000180       0x38 Core/Src/stm32f1xx_hal_msp.o
 .debug_frame   0x00000000000001b8      0x17c Core/Src/stm32f1xx_it.o
 .debug_frame   0x0000000000000334       0x58 Core/Src/system_stm32f1xx.o
 .debug_frame   0x000000000000038c       0xfc Core/Src/usart.o
 .debug_frame   0x0000000000000488      0x334 Drivers/STM32F1xx_HAL_Driver/Src/stm32f1xx_hal.o
 .debug_frame   0x00000000000007bc      0x5a0 Drivers/STM32F1xx_HAL_Driver/Src/stm32f1xx_hal_can.o
 .debug_frame   0x0000000000000d5c      0x428 Drivers/STM32F1xx_HAL_Driver/Src/stm32f1xx_hal_cortex.o
 .debug_frame   0x0000000000001184      0x208 Drivers/STM32F1xx_HAL_Driver/Src/stm32f1xx_hal_dma.o
 .debug_frame   0x000000000000138c      0x14c Drivers/STM32F1xx_HAL_Driver/Src/stm32f1xx_hal_gpio.o
 .debug_frame   0x00000000000014d8      0x21c Drivers/STM32F1xx_HAL_Driver/Src/stm32f1xx_hal_rcc.o
 .debug_frame   0x00000000000016f4      0x914 Drivers/STM32F1xx_HAL_Driver/Src/stm32f1xx_hal_uart.o
 .debug_frame   0x0000000000002008       0x2c /usr/share/gcc-arm-none-eabi-10.3-2021.10/bin/../lib/gcc/arm-none-eabi/10.3.1/../../../../arm-none-eabi/lib/thumb/v7-m/nofp/libc_nano.a(lib_a-init.o)
 .debug_frame   0x0000000000002034       0x20 /usr/share/gcc-arm-none-eabi-10.3-2021.10/bin/../lib/gcc/arm-none-eabi/10.3.1/../../../../arm-none-eabi/lib/thumb/v7-m/nofp/libc_nano.a(lib_a-memset.o)
